Component: ARM Compiler 5.06 update 5 (build 528) Tool: armlink [4d35e2]

==============================================================================

Section Cross References

    main.o(i.BufStore) refers to modbus-rtu.o(.bss) for buf_3x
    main.o(i.CheckAlarm) refers to main.o(i.abs_value) for abs_value
    main.o(i.CheckAlarm) refers to main.o(.data) for flags
    main.o(i.CheckAlarm) refers to modbus-rtu.o(.bss) for buf_3x
    main.o(i.LoadAllSettings) refers to flash.o(i.FlashReadBuf) for FlashReadBuf
    main.o(i.LoadAllSettings) refers to modbus-rtu.o(.bss) for buf_4x
    main.o(i.ResetAlarm) refers to main.o(.data) for flags
    main.o(i.ResetAlarm) refers to modbus-rtu.o(.bss) for buf_3x
    main.o(i.SaveAllSettings) refers to flash.o(i.FlashWriteBuf) for FlashWriteBuf
    main.o(i.SaveAllSettings) refers to modbus-rtu.o(.bss) for buf_4x
    main.o(i.Set_link) refers to main.o(.data) for led_cnt
    main.o(i.SysTick_Handler) refers to encoder.o(i.Encoder_check) for Encoder_check
    main.o(i.SysTick_Handler) refers to encoder.o(i.GetCurrentRPM) for GetCurrentRPM
    main.o(i.SysTick_Handler) refers to encoder.o(i.GetCurrentAccel) for GetCurrentAccel
    main.o(i.SysTick_Handler) refers to main.o(i.BufStore) for BufStore
    main.o(i.SysTick_Handler) refers to main.o(i.CheckAlarm) for CheckAlarm
    main.o(i.SysTick_Handler) refers to main.o(.data) for tcnt
    main.o(i.SysTick_Handler) refers to modbus-rtu.o(.bss) for buf_4x
    main.o(i.main) refers to system_stm32f10x.o(i.SystemCoreClockUpdate) for SystemCoreClockUpdate
    main.o(i.main) refers to main.o(i.LoadAllSettings) for LoadAllSettings
    main.o(i.main) refers to setup.o(i.IO_Config) for IO_Config
    main.o(i.main) refers to encoder.o(i.Encoder_config) for Encoder_config
    main.o(i.main) refers to modbus-rtu.o(i.Modbus_Config) for Modbus_Config
    main.o(i.main) refers to main.o(i.ResetAlarm) for ResetAlarm
    main.o(i.main) refers to main.o(i.SaveAllSettings) for SaveAllSettings
    main.o(i.main) refers to modbus-rtu.o(i.do_modbus) for do_modbus
    main.o(i.main) refers to system_stm32f10x.o(.data) for SystemCoreClock
    main.o(i.main) refers to main.o(.data) for flags
    main.o(i.main) refers to modbus-rtu.o(.bss) for buf_4x
    setup.o(i.IO_Config) refers to gpio_lib.o(i.GPIO_PinConfig) for GPIO_PinConfig
    modbus-rtu.o(i.Modbus_Config) refers to gpio_lib.o(i.GPIO_PinConfig) for GPIO_PinConfig
    modbus-rtu.o(i.Modbus_Config) refers to system_stm32f10x.o(i.SystemCoreClockUpdate) for SystemCoreClockUpdate
    modbus-rtu.o(i.Modbus_Config) refers to modbus-rtu.o(.bss) for mb
    modbus-rtu.o(i.Modbus_Config) refers to system_stm32f10x.o(.data) for SystemCoreClock
    modbus-rtu.o(i.Modbus_parse) refers to modbus-rtu.o(i.do_cmd01) for do_cmd01
    modbus-rtu.o(i.Modbus_parse) refers to modbus-rtu.o(i.do_cmd02) for do_cmd02
    modbus-rtu.o(i.Modbus_parse) refers to modbus-rtu.o(i.do_cmd03) for do_cmd03
    modbus-rtu.o(i.Modbus_parse) refers to modbus-rtu.o(i.do_cmd04) for do_cmd04
    modbus-rtu.o(i.Modbus_parse) refers to modbus-rtu.o(i.do_cmd05) for do_cmd05
    modbus-rtu.o(i.Modbus_parse) refers to modbus-rtu.o(i.do_cmd06) for do_cmd06
    modbus-rtu.o(i.Modbus_parse) refers to modbus-rtu.o(i.do_cmd16) for do_cmd16
    modbus-rtu.o(i.Modbus_parse) refers to modbus-rtu.o(.bss) for mb
    modbus-rtu.o(i.do_cmd01) refers to modbus-rtu.o(.bss) for mb
    modbus-rtu.o(i.do_cmd02) refers to modbus-rtu.o(.bss) for mb
    modbus-rtu.o(i.do_cmd03) refers to modbus-rtu.o(.bss) for mb
    modbus-rtu.o(i.do_cmd04) refers to modbus-rtu.o(.bss) for mb
    modbus-rtu.o(i.do_cmd05) refers to modbus-rtu.o(.bss) for mb
    modbus-rtu.o(i.do_cmd06) refers to modbus-rtu.o(.bss) for mb
    modbus-rtu.o(i.do_cmd16) refers to modbus-rtu.o(.bss) for mb
    modbus-rtu.o(i.do_crc16) refers to modbus-rtu.o(.constdata) for crc_hi_table
    modbus-rtu.o(i.do_modbus) refers to modbus-rtu.o(i.do_crc16) for do_crc16
    modbus-rtu.o(i.do_modbus) refers to modbus-rtu.o(i.Modbus_parse) for Modbus_parse
    modbus-rtu.o(i.do_modbus) refers to main.o(i.Set_link) for Set_link
    modbus-rtu.o(i.do_modbus) refers to modbus-rtu.o(.bss) for mb
    modbus-rtu.o(i.usart_puts) refers to modbus-rtu.o(i.usart_putchar) for usart_putchar
    encoder.o(i.Encoder_check) refers to encoder.o(.data) for cur_rpm
    encoder.o(i.Encoder_config) refers to gpio_lib.o(i.GPIO_PinConfig) for GPIO_PinConfig
    encoder.o(i.GetCurrentAccel) refers to encoder.o(.data) for cur_accel
    encoder.o(i.GetCurrentRPM) refers to encoder.o(.data) for cur_rpm
    flash.o(i.FlashErasePage) refers to flash.o(i.FlashIsReady) for FlashIsReady
    flash.o(i.FlashReadBuf) refers to flash.o(i.FlashRead16) for FlashRead16
    flash.o(i.FlashWrite16) refers to flash.o(i.FlashIsReady) for FlashIsReady
    flash.o(i.FlashWriteBuf) refers to flash.o(i.FlashUnlock) for FlashUnlock
    flash.o(i.FlashWriteBuf) refers to flash.o(i.FlashErasePage) for FlashErasePage
    flash.o(i.FlashWriteBuf) refers to flash.o(i.FlashWrite16) for FlashWrite16
    flash.o(i.FlashWriteBuf) refers to flash.o(i.FlashLock) for FlashLock
    startup_stm32f10x_cl.o(STACK) refers (Special) to heapauxi.o(.text) for __use_two_region_memory
    startup_stm32f10x_cl.o(HEAP) refers (Special) to heapauxi.o(.text) for __use_two_region_memory
    startup_stm32f10x_cl.o(RESET) refers (Special) to heapauxi.o(.text) for __use_two_region_memory
    startup_stm32f10x_cl.o(RESET) refers to startup_stm32f10x_cl.o(STACK) for __initial_sp
    startup_stm32f10x_cl.o(RESET) refers to startup_stm32f10x_cl.o(.text) for Reset_Handler
    startup_stm32f10x_cl.o(RESET) refers to main.o(i.SysTick_Handler) for SysTick_Handler
    startup_stm32f10x_cl.o(.text) refers (Special) to heapauxi.o(.text) for __use_two_region_memory
    startup_stm32f10x_cl.o(.text) refers to system_stm32f10x.o(i.SystemInit) for SystemInit
    startup_stm32f10x_cl.o(.text) refers to __main.o(!!!main) for __main
    startup_stm32f10x_cl.o(.text) refers to startup_stm32f10x_cl.o(HEAP) for Heap_Mem
    startup_stm32f10x_cl.o(.text) refers to startup_stm32f10x_cl.o(STACK) for Stack_Mem
    system_stm32f10x.o(i.SetSysClock) refers to system_stm32f10x.o(i.SetSysClockTo72) for SetSysClockTo72
    system_stm32f10x.o(i.SystemCoreClockUpdate) refers to system_stm32f10x.o(.data) for SystemCoreClock
    system_stm32f10x.o(i.SystemInit) refers to system_stm32f10x.o(i.SetSysClock) for SetSysClock
    __main.o(!!!main) refers to __rtentry.o(.ARM.Collect$$rtentry$$00000000) for __rt_entry
    __rtentry.o(.ARM.Collect$$rtentry$$00000000) refers (Special) to __rtentry2.o(.ARM.Collect$$rtentry$$0000000A) for __rt_entry_li
    __rtentry.o(.ARM.Collect$$rtentry$$00000000) refers (Special) to __rtentry2.o(.ARM.Collect$$rtentry$$0000000D) for __rt_entry_main
    __rtentry.o(.ARM.Collect$$rtentry$$00000000) refers (Special) to __rtentry2.o(.ARM.Collect$$rtentry$$0000000C) for __rt_entry_postli_1
    __rtentry.o(.ARM.Collect$$rtentry$$00000000) refers (Special) to __rtentry2.o(.ARM.Collect$$rtentry$$00000009) for __rt_entry_postsh_1
    __rtentry.o(.ARM.Collect$$rtentry$$00000000) refers (Special) to __rtentry2.o(.ARM.Collect$$rtentry$$00000002) for __rt_entry_presh_1
    __rtentry.o(.ARM.Collect$$rtentry$$00000000) refers (Special) to __rtentry4.o(.ARM.Collect$$rtentry$$00000004) for __rt_entry_sh
    __rtentry2.o(.ARM.Collect$$rtentry$$00000008) refers to boardinit2.o(.text) for _platform_post_stackheap_init
    __rtentry2.o(.ARM.Collect$$rtentry$$0000000A) refers to libinit.o(.ARM.Collect$$libinit$$00000000) for __rt_lib_init
    __rtentry2.o(.ARM.Collect$$rtentry$$0000000B) refers to boardinit3.o(.text) for _platform_post_lib_init
    __rtentry2.o(.ARM.Collect$$rtentry$$0000000D) refers to main.o(i.main) for main
    __rtentry2.o(.ARM.Collect$$rtentry$$0000000D) refers to exit.o(.text) for exit
    __rtentry2.o(.ARM.exidx) refers to __rtentry2.o(.ARM.Collect$$rtentry$$00000001) for .ARM.Collect$$rtentry$$00000001
    __rtentry2.o(.ARM.exidx) refers to __rtentry2.o(.ARM.Collect$$rtentry$$00000008) for .ARM.Collect$$rtentry$$00000008
    __rtentry2.o(.ARM.exidx) refers to __rtentry2.o(.ARM.Collect$$rtentry$$0000000A) for .ARM.Collect$$rtentry$$0000000A
    __rtentry2.o(.ARM.exidx) refers to __rtentry2.o(.ARM.Collect$$rtentry$$0000000B) for .ARM.Collect$$rtentry$$0000000B
    __rtentry2.o(.ARM.exidx) refers to __rtentry2.o(.ARM.Collect$$rtentry$$0000000D) for .ARM.Collect$$rtentry$$0000000D
    __rtentry4.o(.ARM.Collect$$rtentry$$00000004) refers to sys_stackheap_outer.o(.text) for __user_setup_stackheap
    __rtentry4.o(.ARM.exidx) refers to __rtentry4.o(.ARM.Collect$$rtentry$$00000004) for .ARM.Collect$$rtentry$$00000004
    sys_stackheap_outer.o(.text) refers to libspace.o(.text) for __user_perproc_libspace
    sys_stackheap_outer.o(.text) refers to startup_stm32f10x_cl.o(.text) for __user_initial_stackheap
    exit.o(.text) refers to rtexit.o(.ARM.Collect$$rtexit$$00000000) for __rt_exit
    libinit.o(.ARM.Collect$$libinit$$00000000) refers (Special) to libinit2.o(.ARM.Collect$$libinit$$0000002E) for __rt_lib_init_alloca_1
    libinit.o(.ARM.Collect$$libinit$$00000000) refers (Special) to libinit2.o(.ARM.Collect$$libinit$$0000002C) for __rt_lib_init_argv_1
    libinit.o(.ARM.Collect$$libinit$$00000000) refers (Special) to libinit2.o(.ARM.Collect$$libinit$$0000001B) for __rt_lib_init_atexit_1
    libinit.o(.ARM.Collect$$libinit$$00000000) refers (Special) to libinit2.o(.ARM.Collect$$libinit$$00000021) for __rt_lib_init_clock_1
    libinit.o(.ARM.Collect$$libinit$$00000000) refers (Special) to libinit2.o(.ARM.Collect$$libinit$$00000032) for __rt_lib_init_cpp_1
    libinit.o(.ARM.Collect$$libinit$$00000000) refers (Special) to libinit2.o(.ARM.Collect$$libinit$$00000030) for __rt_lib_init_exceptions_1
    libinit.o(.ARM.Collect$$libinit$$00000000) refers (Special) to libinit2.o(.ARM.Collect$$libinit$$00000002) for __rt_lib_init_fp_1
    libinit.o(.ARM.Collect$$libinit$$00000000) refers (Special) to libinit2.o(.ARM.Collect$$libinit$$0000001F) for __rt_lib_init_fp_trap_1
    libinit.o(.ARM.Collect$$libinit$$00000000) refers (Special) to libinit2.o(.ARM.Collect$$libinit$$00000023) for __rt_lib_init_getenv_1
    libinit.o(.ARM.Collect$$libinit$$00000000) refers (Special) to libinit2.o(.ARM.Collect$$libinit$$0000000A) for __rt_lib_init_heap_1
    libinit.o(.ARM.Collect$$libinit$$00000000) refers (Special) to libinit2.o(.ARM.Collect$$libinit$$00000011) for __rt_lib_init_lc_collate_1
    libinit.o(.ARM.Collect$$libinit$$00000000) refers (Special) to libinit2.o(.ARM.Collect$$libinit$$00000013) for __rt_lib_init_lc_ctype_1
    libinit.o(.ARM.Collect$$libinit$$00000000) refers (Special) to libinit2.o(.ARM.Collect$$libinit$$00000015) for __rt_lib_init_lc_monetary_1
    libinit.o(.ARM.Collect$$libinit$$00000000) refers (Special) to libinit2.o(.ARM.Collect$$libinit$$00000017) for __rt_lib_init_lc_numeric_1
    libinit.o(.ARM.Collect$$libinit$$00000000) refers (Special) to libinit2.o(.ARM.Collect$$libinit$$00000019) for __rt_lib_init_lc_time_1
    libinit.o(.ARM.Collect$$libinit$$00000000) refers (Special) to libinit2.o(.ARM.Collect$$libinit$$00000004) for __rt_lib_init_preinit_1
    libinit.o(.ARM.Collect$$libinit$$00000000) refers (Special) to libinit2.o(.ARM.Collect$$libinit$$0000000E) for __rt_lib_init_rand_1
    libinit.o(.ARM.Collect$$libinit$$00000000) refers (Special) to libinit2.o(.ARM.Collect$$libinit$$00000033) for __rt_lib_init_return
    libinit.o(.ARM.Collect$$libinit$$00000000) refers (Special) to libinit2.o(.ARM.Collect$$libinit$$0000001D) for __rt_lib_init_signal_1
    libinit.o(.ARM.Collect$$libinit$$00000000) refers (Special) to libinit2.o(.ARM.Collect$$libinit$$00000025) for __rt_lib_init_stdio_1
    libinit.o(.ARM.Collect$$libinit$$00000000) refers (Special) to libinit2.o(.ARM.Collect$$libinit$$0000000C) for __rt_lib_init_user_alloc_1
    libspace.o(.text) refers to libspace.o(.bss) for __libspace_start
    rtexit.o(.ARM.Collect$$rtexit$$00000000) refers (Special) to rtexit2.o(.ARM.Collect$$rtexit$$00000004) for __rt_exit_exit
    rtexit.o(.ARM.Collect$$rtexit$$00000000) refers (Special) to rtexit2.o(.ARM.Collect$$rtexit$$00000003) for __rt_exit_ls
    rtexit.o(.ARM.Collect$$rtexit$$00000000) refers (Special) to rtexit2.o(.ARM.Collect$$rtexit$$00000002) for __rt_exit_prels_1
    rtexit.o(.ARM.exidx) refers (Special) to rtexit2.o(.ARM.Collect$$rtexit$$00000004) for __rt_exit_exit
    rtexit.o(.ARM.exidx) refers (Special) to rtexit2.o(.ARM.Collect$$rtexit$$00000003) for __rt_exit_ls
    rtexit.o(.ARM.exidx) refers (Special) to rtexit2.o(.ARM.Collect$$rtexit$$00000002) for __rt_exit_prels_1
    rtexit.o(.ARM.exidx) refers to rtexit.o(.ARM.Collect$$rtexit$$00000000) for .ARM.Collect$$rtexit$$00000000
    libinit2.o(.ARM.Collect$$libinit$$00000010) refers to libinit2.o(.ARM.Collect$$libinit$$0000000F) for .ARM.Collect$$libinit$$0000000F
    libinit2.o(.ARM.Collect$$libinit$$00000012) refers to libinit2.o(.ARM.Collect$$libinit$$0000000F) for .ARM.Collect$$libinit$$0000000F
    libinit2.o(.ARM.Collect$$libinit$$00000014) refers to libinit2.o(.ARM.Collect$$libinit$$0000000F) for .ARM.Collect$$libinit$$0000000F
    libinit2.o(.ARM.Collect$$libinit$$00000016) refers to libinit2.o(.ARM.Collect$$libinit$$0000000F) for .ARM.Collect$$libinit$$0000000F
    libinit2.o(.ARM.Collect$$libinit$$00000018) refers to libinit2.o(.ARM.Collect$$libinit$$0000000F) for .ARM.Collect$$libinit$$0000000F
    libinit2.o(.ARM.Collect$$libinit$$00000026) refers to argv_veneer.o(.emb_text) for __ARM_argv_veneer
    libinit2.o(.ARM.Collect$$libinit$$00000027) refers to argv_veneer.o(.emb_text) for __ARM_argv_veneer
    rtexit2.o(.ARM.Collect$$rtexit$$00000003) refers to libshutdown.o(.ARM.Collect$$libshutdown$$00000000) for __rt_lib_shutdown
    rtexit2.o(.ARM.Collect$$rtexit$$00000004) refers to sys_exit.o(.text) for _sys_exit
    rtexit2.o(.ARM.exidx) refers to rtexit2.o(.ARM.Collect$$rtexit$$00000001) for .ARM.Collect$$rtexit$$00000001
    rtexit2.o(.ARM.exidx) refers to rtexit2.o(.ARM.Collect$$rtexit$$00000003) for .ARM.Collect$$rtexit$$00000003
    rtexit2.o(.ARM.exidx) refers to rtexit2.o(.ARM.Collect$$rtexit$$00000004) for .ARM.Collect$$rtexit$$00000004
    argv_veneer.o(.emb_text) refers to no_argv.o(.text) for __ARM_get_argv
    sys_exit.o(.text) refers (Special) to use_no_semi.o(.text) for __I$use$semihosting
    sys_exit.o(.text) refers (Special) to indicate_semi.o(.text) for __semihosting_library_function
    _get_argv_nomalloc.o(.text) refers (Special) to hrguard.o(.text) for __heap_region$guard
    _get_argv_nomalloc.o(.text) refers to defsig_rtmem_outer.o(.text) for __rt_SIGRTMEM
    _get_argv_nomalloc.o(.text) refers to sys_command.o(.text) for _sys_command_string
    libshutdown.o(.ARM.Collect$$libshutdown$$00000000) refers (Special) to libshutdown2.o(.ARM.Collect$$libshutdown$$00000002) for __rt_lib_shutdown_cpp_1
    libshutdown.o(.ARM.Collect$$libshutdown$$00000000) refers (Special) to libshutdown2.o(.ARM.Collect$$libshutdown$$00000007) for __rt_lib_shutdown_fp_trap_1
    libshutdown.o(.ARM.Collect$$libshutdown$$00000000) refers (Special) to libshutdown2.o(.ARM.Collect$$libshutdown$$0000000F) for __rt_lib_shutdown_heap_1
    libshutdown.o(.ARM.Collect$$libshutdown$$00000000) refers (Special) to libshutdown2.o(.ARM.Collect$$libshutdown$$00000010) for __rt_lib_shutdown_return
    libshutdown.o(.ARM.Collect$$libshutdown$$00000000) refers (Special) to libshutdown2.o(.ARM.Collect$$libshutdown$$0000000A) for __rt_lib_shutdown_signal_1
    libshutdown.o(.ARM.Collect$$libshutdown$$00000000) refers (Special) to libshutdown2.o(.ARM.Collect$$libshutdown$$00000004) for __rt_lib_shutdown_stdio_1
    libshutdown.o(.ARM.Collect$$libshutdown$$00000000) refers (Special) to libshutdown2.o(.ARM.Collect$$libshutdown$$0000000C) for __rt_lib_shutdown_user_alloc_1
    sys_command.o(.text) refers (Special) to use_no_semi.o(.text) for __I$use$semihosting
    sys_command.o(.text) refers (Special) to indicate_semi.o(.text) for __semihosting_library_function
    defsig_rtmem_outer.o(.text) refers to defsig_rtmem_inner.o(.text) for __rt_SIGRTMEM_inner
    defsig_rtmem_outer.o(.text) refers to defsig_exit.o(.text) for __sig_exit
    defsig_rtmem_formal.o(.text) refers to rt_raise.o(.text) for __rt_raise
    rt_raise.o(.text) refers to __raise.o(.text) for __raise
    rt_raise.o(.text) refers to sys_exit.o(.text) for _sys_exit
    defsig_exit.o(.text) refers to sys_exit.o(.text) for _sys_exit
    defsig_rtmem_inner.o(.text) refers to defsig_general.o(.text) for __default_signal_display
    __raise.o(.text) refers to defsig.o(CL$$defsig) for __default_signal_handler
    defsig_general.o(.text) refers to sys_wrch.o(.text) for _ttywrch
    sys_wrch.o(.text) refers (Special) to use_no_semi.o(.text) for __I$use$semihosting
    sys_wrch.o(.text) refers (Special) to indicate_semi.o(.text) for __semihosting_library_function
    defsig.o(CL$$defsig) refers to defsig_rtmem_inner.o(.text) for __rt_SIGRTMEM_inner
    defsig_abrt_inner.o(.text) refers to defsig_general.o(.text) for __default_signal_display
    defsig_fpe_inner.o(.text) refers to defsig_general.o(.text) for __default_signal_display
    defsig_rtred_inner.o(.text) refers to defsig_general.o(.text) for __default_signal_display
    defsig_stak_inner.o(.text) refers to defsig_general.o(.text) for __default_signal_display
    defsig_pvfn_inner.o(.text) refers to defsig_general.o(.text) for __default_signal_display
    defsig_cppl_inner.o(.text) refers to defsig_general.o(.text) for __default_signal_display
    defsig_segv_inner.o(.text) refers to defsig_general.o(.text) for __default_signal_display
    defsig_other.o(.text) refers to defsig_general.o(.text) for __default_signal_display


==============================================================================

Removing Unused input sections from the image.

    Removing main.o(.rev16_text), (4 bytes).
    Removing main.o(.revsh_text), (4 bytes).
    Removing main.o(.rrx_text), (6 bytes).
    Removing setup.o(.rev16_text), (4 bytes).
    Removing setup.o(.revsh_text), (4 bytes).
    Removing setup.o(.rrx_text), (6 bytes).
    Removing gpio_lib.o(.rev16_text), (4 bytes).
    Removing gpio_lib.o(.revsh_text), (4 bytes).
    Removing gpio_lib.o(.rrx_text), (6 bytes).
    Removing modbus-rtu.o(.rev16_text), (4 bytes).
    Removing modbus-rtu.o(.revsh_text), (4 bytes).
    Removing modbus-rtu.o(.rrx_text), (6 bytes).
    Removing modbus-rtu.o(i.usart_putchar), (60 bytes).
    Removing modbus-rtu.o(i.usart_puts), (22 bytes).
    Removing encoder.o(.rev16_text), (4 bytes).
    Removing encoder.o(.revsh_text), (4 bytes).
    Removing encoder.o(.rrx_text), (6 bytes).
    Removing encoder.o(i.SetEncPPR), (2 bytes).
    Removing flash.o(.rev16_text), (4 bytes).
    Removing flash.o(.revsh_text), (4 bytes).
    Removing flash.o(.rrx_text), (6 bytes).
    Removing flash.o(i.FlashRead32), (6 bytes).
    Removing system_stm32f10x.o(.rev16_text), (4 bytes).
    Removing system_stm32f10x.o(.revsh_text), (4 bytes).
    Removing system_stm32f10x.o(.rrx_text), (6 bytes).

25 unused section(s) (total 188 bytes) removed from the image.

==============================================================================

Image Symbol Table

    Local Symbols

    Symbol Name                              Value     Ov Type        Size  Object(Section)

    ../clib/angel/boardlib.s                 0x00000000   Number         0  boardshut.o ABSOLUTE
    ../clib/angel/boardlib.s                 0x00000000   Number         0  boardinit3.o ABSOLUTE
    ../clib/angel/boardlib.s                 0x00000000   Number         0  boardinit2.o ABSOLUTE
    ../clib/angel/boardlib.s                 0x00000000   Number         0  boardinit1.o ABSOLUTE
    ../clib/angel/handlers.s                 0x00000000   Number         0  __scatter_copy.o ABSOLUTE
    ../clib/angel/handlers.s                 0x00000000   Number         0  __scatter_zi.o ABSOLUTE
    ../clib/angel/kernel.s                   0x00000000   Number         0  rtexit.o ABSOLUTE
    ../clib/angel/kernel.s                   0x00000000   Number         0  rtexit2.o ABSOLUTE
    ../clib/angel/kernel.s                   0x00000000   Number         0  __rtentry2.o ABSOLUTE
    ../clib/angel/kernel.s                   0x00000000   Number         0  __rtentry4.o ABSOLUTE
    ../clib/angel/kernel.s                   0x00000000   Number         0  __rtentry.o ABSOLUTE
    ../clib/angel/rt.s                       0x00000000   Number         0  rt_raise.o ABSOLUTE
    ../clib/angel/scatter.s                  0x00000000   Number         0  __scatter.o ABSOLUTE
    ../clib/angel/startup.s                  0x00000000   Number         0  __main.o ABSOLUTE
    ../clib/angel/sys.s                      0x00000000   Number         0  libspace.o ABSOLUTE
    ../clib/angel/sys.s                      0x00000000   Number         0  indicate_semi.o ABSOLUTE
    ../clib/angel/sys.s                      0x00000000   Number         0  sys_stackheap_outer.o ABSOLUTE
    ../clib/angel/sys.s                      0x00000000   Number         0  use_no_semi.o ABSOLUTE
    ../clib/angel/sysapp.c                   0x00000000   Number         0  sys_exit.o ABSOLUTE
    ../clib/angel/sysapp.c                   0x00000000   Number         0  sys_wrch.o ABSOLUTE
    ../clib/angel/sysapp.c                   0x00000000   Number         0  sys_command.o ABSOLUTE
    ../clib/armsys.c                         0x00000000   Number         0  argv_veneer.o ABSOLUTE
    ../clib/armsys.c                         0x00000000   Number         0  argv_veneer.o ABSOLUTE
    ../clib/armsys.c                         0x00000000   Number         0  _get_argv_nomalloc.o ABSOLUTE
    ../clib/armsys.c                         0x00000000   Number         0  no_argv.o ABSOLUTE
    ../clib/heapalloc.c                      0x00000000   Number         0  hrguard.o ABSOLUTE
    ../clib/heapaux.c                        0x00000000   Number         0  heapauxi.o ABSOLUTE
    ../clib/libinit.s                        0x00000000   Number         0  libinit2.o ABSOLUTE
    ../clib/libinit.s                        0x00000000   Number         0  libinit.o ABSOLUTE
    ../clib/libinit.s                        0x00000000   Number         0  libshutdown.o ABSOLUTE
    ../clib/libinit.s                        0x00000000   Number         0  libshutdown2.o ABSOLUTE
    ../clib/signal.c                         0x00000000   Number         0  defsig_rtmem_formal.o ABSOLUTE
    ../clib/signal.c                         0x00000000   Number         0  defsig_rtmem_outer.o ABSOLUTE
    ../clib/signal.c                         0x00000000   Number         0  defsig_exit.o ABSOLUTE
    ../clib/signal.c                         0x00000000   Number         0  defsig_other.o ABSOLUTE
    ../clib/signal.c                         0x00000000   Number         0  defsig_segv_inner.o ABSOLUTE
    ../clib/signal.c                         0x00000000   Number         0  defsig_cppl_inner.o ABSOLUTE
    ../clib/signal.c                         0x00000000   Number         0  defsig_pvfn_inner.o ABSOLUTE
    ../clib/signal.c                         0x00000000   Number         0  defsig_stak_inner.o ABSOLUTE
    ../clib/signal.c                         0x00000000   Number         0  defsig_rtred_inner.o ABSOLUTE
    ../clib/signal.c                         0x00000000   Number         0  defsig_fpe_inner.o ABSOLUTE
    ../clib/signal.c                         0x00000000   Number         0  defsig_abrt_inner.o ABSOLUTE
    ../clib/signal.c                         0x00000000   Number         0  defsig_general.o ABSOLUTE
    ../clib/signal.c                         0x00000000   Number         0  __raise.o ABSOLUTE
    ../clib/signal.c                         0x00000000   Number         0  defsig_rtmem_inner.o ABSOLUTE
    ../clib/signal.s                         0x00000000   Number         0  defsig.o ABSOLUTE
    ../clib/stdlib.c                         0x00000000   Number         0  exit.o ABSOLUTE
    ../fplib/fpinit.s                        0x00000000   Number         0  fpinit.o ABSOLUTE
    RTE\Device\STM32F107RB\startup_stm32f10x_cl.s 0x00000000   Number         0  startup_stm32f10x_cl.o ABSOLUTE
    RTE\Device\STM32F107RB\system_stm32f10x.c 0x00000000   Number         0  system_stm32f10x.o ABSOLUTE
    RTE\\Device\\STM32F107RB\\system_stm32f10x.c 0x00000000   Number         0  system_stm32f10x.o ABSOLUTE
    dc.s                                     0x00000000   Number         0  dc.o ABSOLUTE
    src\\encoder.c                           0x00000000   Number         0  encoder.o ABSOLUTE
    src\\flash.c                             0x00000000   Number         0  flash.o ABSOLUTE
    src\\gpio_lib.c                          0x00000000   Number         0  gpio_lib.o ABSOLUTE
    src\\main.c                              0x00000000   Number         0  main.o ABSOLUTE
    src\\modbus-rtu.c                        0x00000000   Number         0  modbus-rtu.o ABSOLUTE
    src\\setup.c                             0x00000000   Number         0  setup.o ABSOLUTE
    src\encoder.c                            0x00000000   Number         0  encoder.o ABSOLUTE
    src\flash.c                              0x00000000   Number         0  flash.o ABSOLUTE
    src\gpio_lib.c                           0x00000000   Number         0  gpio_lib.o ABSOLUTE
    src\main.c                               0x00000000   Number         0  main.o ABSOLUTE
    src\modbus-rtu.c                         0x00000000   Number         0  modbus-rtu.o ABSOLUTE
    src\setup.c                              0x00000000   Number         0  setup.o ABSOLUTE
    RESET                                    0x08000000   Section      336  startup_stm32f10x_cl.o(RESET)
    !!!main                                  0x08000150   Section        8  __main.o(!!!main)
    !!!scatter                               0x08000158   Section       52  __scatter.o(!!!scatter)
    !!handler_copy                           0x0800018c   Section       26  __scatter_copy.o(!!handler_copy)
    !!handler_zi                             0x080001a8   Section       28  __scatter_zi.o(!!handler_zi)
    .ARM.Collect$$libinit$$00000000          0x080001c4   Section        2  libinit.o(.ARM.Collect$$libinit$$00000000)
    .ARM.Collect$$libinit$$00000002          0x080001c6   Section        0  libinit2.o(.ARM.Collect$$libinit$$00000002)
    .ARM.Collect$$libinit$$00000004          0x080001c6   Section        0  libinit2.o(.ARM.Collect$$libinit$$00000004)
    .ARM.Collect$$libinit$$0000000A          0x080001c6   Section        0  libinit2.o(.ARM.Collect$$libinit$$0000000A)
    .ARM.Collect$$libinit$$0000000C          0x080001c6   Section        0  libinit2.o(.ARM.Collect$$libinit$$0000000C)
    .ARM.Collect$$libinit$$0000000E          0x080001c6   Section        0  libinit2.o(.ARM.Collect$$libinit$$0000000E)
    .ARM.Collect$$libinit$$00000011          0x080001c6   Section        0  libinit2.o(.ARM.Collect$$libinit$$00000011)
    .ARM.Collect$$libinit$$00000013          0x080001c6   Section        0  libinit2.o(.ARM.Collect$$libinit$$00000013)
    .ARM.Collect$$libinit$$00000015          0x080001c6   Section        0  libinit2.o(.ARM.Collect$$libinit$$00000015)
    .ARM.Collect$$libinit$$00000017          0x080001c6   Section        0  libinit2.o(.ARM.Collect$$libinit$$00000017)
    .ARM.Collect$$libinit$$00000019          0x080001c6   Section        0  libinit2.o(.ARM.Collect$$libinit$$00000019)
    .ARM.Collect$$libinit$$0000001B          0x080001c6   Section        0  libinit2.o(.ARM.Collect$$libinit$$0000001B)
    .ARM.Collect$$libinit$$0000001D          0x080001c6   Section        0  libinit2.o(.ARM.Collect$$libinit$$0000001D)
    .ARM.Collect$$libinit$$0000001F          0x080001c6   Section        0  libinit2.o(.ARM.Collect$$libinit$$0000001F)
    .ARM.Collect$$libinit$$00000021          0x080001c6   Section        0  libinit2.o(.ARM.Collect$$libinit$$00000021)
    .ARM.Collect$$libinit$$00000023          0x080001c6   Section        0  libinit2.o(.ARM.Collect$$libinit$$00000023)
    .ARM.Collect$$libinit$$00000025          0x080001c6   Section        0  libinit2.o(.ARM.Collect$$libinit$$00000025)
    .ARM.Collect$$libinit$$0000002C          0x080001c6   Section        0  libinit2.o(.ARM.Collect$$libinit$$0000002C)
    .ARM.Collect$$libinit$$0000002E          0x080001c6   Section        0  libinit2.o(.ARM.Collect$$libinit$$0000002E)
    .ARM.Collect$$libinit$$00000030          0x080001c6   Section        0  libinit2.o(.ARM.Collect$$libinit$$00000030)
    .ARM.Collect$$libinit$$00000032          0x080001c6   Section        0  libinit2.o(.ARM.Collect$$libinit$$00000032)
    .ARM.Collect$$libinit$$00000033          0x080001c6   Section        2  libinit2.o(.ARM.Collect$$libinit$$00000033)
    .ARM.Collect$$libshutdown$$00000000      0x080001c8   Section        2  libshutdown.o(.ARM.Collect$$libshutdown$$00000000)
    .ARM.Collect$$libshutdown$$00000002      0x080001ca   Section        0  libshutdown2.o(.ARM.Collect$$libshutdown$$00000002)
    .ARM.Collect$$libshutdown$$00000004      0x080001ca   Section        0  libshutdown2.o(.ARM.Collect$$libshutdown$$00000004)
    .ARM.Collect$$libshutdown$$00000007      0x080001ca   Section        0  libshutdown2.o(.ARM.Collect$$libshutdown$$00000007)
    .ARM.Collect$$libshutdown$$0000000A      0x080001ca   Section        0  libshutdown2.o(.ARM.Collect$$libshutdown$$0000000A)
    .ARM.Collect$$libshutdown$$0000000C      0x080001ca   Section        0  libshutdown2.o(.ARM.Collect$$libshutdown$$0000000C)
    .ARM.Collect$$libshutdown$$0000000F      0x080001ca   Section        0  libshutdown2.o(.ARM.Collect$$libshutdown$$0000000F)
    .ARM.Collect$$libshutdown$$00000010      0x080001ca   Section        2  libshutdown2.o(.ARM.Collect$$libshutdown$$00000010)
    .ARM.Collect$$rtentry$$00000000          0x080001cc   Section        0  __rtentry.o(.ARM.Collect$$rtentry$$00000000)
    .ARM.Collect$$rtentry$$00000002          0x080001cc   Section        0  __rtentry2.o(.ARM.Collect$$rtentry$$00000002)
    .ARM.Collect$$rtentry$$00000004          0x080001cc   Section        6  __rtentry4.o(.ARM.Collect$$rtentry$$00000004)
    .ARM.Collect$$rtentry$$00000009          0x080001d2   Section        0  __rtentry2.o(.ARM.Collect$$rtentry$$00000009)
    .ARM.Collect$$rtentry$$0000000A          0x080001d2   Section        4  __rtentry2.o(.ARM.Collect$$rtentry$$0000000A)
    .ARM.Collect$$rtentry$$0000000C          0x080001d6   Section        0  __rtentry2.o(.ARM.Collect$$rtentry$$0000000C)
    .ARM.Collect$$rtentry$$0000000D          0x080001d6   Section        8  __rtentry2.o(.ARM.Collect$$rtentry$$0000000D)
    .ARM.Collect$$rtexit$$00000000           0x080001de   Section        2  rtexit.o(.ARM.Collect$$rtexit$$00000000)
    .ARM.Collect$$rtexit$$00000002           0x080001e0   Section        0  rtexit2.o(.ARM.Collect$$rtexit$$00000002)
    .ARM.Collect$$rtexit$$00000003           0x080001e0   Section        4  rtexit2.o(.ARM.Collect$$rtexit$$00000003)
    .ARM.Collect$$rtexit$$00000004           0x080001e4   Section        6  rtexit2.o(.ARM.Collect$$rtexit$$00000004)
    .text                                    0x080001ec   Section       64  startup_stm32f10x_cl.o(.text)
    .text                                    0x0800022c   Section        0  heapauxi.o(.text)
    .text                                    0x08000232   Section       74  sys_stackheap_outer.o(.text)
    .text                                    0x0800027c   Section        0  exit.o(.text)
    .text                                    0x08000290   Section        8  libspace.o(.text)
    .text                                    0x08000298   Section        0  sys_exit.o(.text)
    .text                                    0x080002a4   Section        2  use_no_semi.o(.text)
    .text                                    0x080002a6   Section        0  indicate_semi.o(.text)
    i.BufStore                               0x080002a8   Section        0  main.o(i.BufStore)
    i.CheckAlarm                             0x080002d4   Section        0  main.o(i.CheckAlarm)
    i.Encoder_check                          0x08000324   Section        0  encoder.o(i.Encoder_check)
    i.Encoder_config                         0x0800036c   Section        0  encoder.o(i.Encoder_config)
    i.FlashErasePage                         0x080003f4   Section        0  flash.o(i.FlashErasePage)
    i.FlashIsReady                           0x0800042c   Section        0  flash.o(i.FlashIsReady)
    i.FlashLock                              0x08000440   Section        0  flash.o(i.FlashLock)
    i.FlashRead16                            0x08000454   Section        0  flash.o(i.FlashRead16)
    i.FlashReadBuf                           0x0800045c   Section        0  flash.o(i.FlashReadBuf)
    i.FlashUnlock                            0x08000484   Section        0  flash.o(i.FlashUnlock)
    i.FlashWrite16                           0x0800049c   Section        0  flash.o(i.FlashWrite16)
    i.FlashWriteBuf                          0x080004d4   Section        0  flash.o(i.FlashWriteBuf)
    i.GPIO_PinConfig                         0x0800050c   Section        0  gpio_lib.o(i.GPIO_PinConfig)
    i.GetCurrentAccel                        0x08000550   Section        0  encoder.o(i.GetCurrentAccel)
    i.GetCurrentRPM                          0x0800055c   Section        0  encoder.o(i.GetCurrentRPM)
    i.IO_Config                              0x08000568   Section        0  setup.o(i.IO_Config)
    i.LoadAllSettings                        0x080005f0   Section        0  main.o(i.LoadAllSettings)
    i.Modbus_Config                          0x0800063c   Section        0  modbus-rtu.o(i.Modbus_Config)
    i.Modbus_parse                           0x08000704   Section        0  modbus-rtu.o(i.Modbus_parse)
    i.ResetAlarm                             0x08000760   Section        0  main.o(i.ResetAlarm)
    i.SaveAllSettings                        0x0800077c   Section        0  main.o(i.SaveAllSettings)
    i.SetSysClock                            0x0800078c   Section        0  system_stm32f10x.o(i.SetSysClock)
    SetSysClock                              0x0800078d   Thumb Code     8  system_stm32f10x.o(i.SetSysClock)
    i.SetSysClockTo72                        0x08000794   Section        0  system_stm32f10x.o(i.SetSysClockTo72)
    SetSysClockTo72                          0x08000795   Thumb Code   264  system_stm32f10x.o(i.SetSysClockTo72)
    i.Set_link                               0x080008ac   Section        0  main.o(i.Set_link)
    i.SysTick_Handler                        0x080008bc   Section        0  main.o(i.SysTick_Handler)
    i.SystemCoreClockUpdate                  0x08000990   Section        0  system_stm32f10x.o(i.SystemCoreClockUpdate)
    i.SystemInit                             0x08000a8c   Section        0  system_stm32f10x.o(i.SystemInit)
    i.abs_value                              0x08000af8   Section        0  main.o(i.abs_value)
    i.do_cmd01                               0x08000b08   Section        0  modbus-rtu.o(i.do_cmd01)
    i.do_cmd02                               0x08000b70   Section        0  modbus-rtu.o(i.do_cmd02)
    i.do_cmd03                               0x08000bd8   Section        0  modbus-rtu.o(i.do_cmd03)
    i.do_cmd04                               0x08000c54   Section        0  modbus-rtu.o(i.do_cmd04)
    i.do_cmd05                               0x08000cd0   Section        0  modbus-rtu.o(i.do_cmd05)
    i.do_cmd06                               0x08000d34   Section        0  modbus-rtu.o(i.do_cmd06)
    i.do_cmd16                               0x08000d6c   Section        0  modbus-rtu.o(i.do_cmd16)
    i.do_crc16                               0x08000ddc   Section        0  modbus-rtu.o(i.do_crc16)
    i.do_modbus                              0x08000e14   Section        0  modbus-rtu.o(i.do_modbus)
    i.main                                   0x08000f58   Section        0  main.o(i.main)
    .constdata                               0x080010b0   Section      512  modbus-rtu.o(.constdata)
    .data                                    0x20000000   Section       16  main.o(.data)
    tcnt                                     0x20000000   Data           4  main.o(.data)
    led_cnt                                  0x20000004   Data           4  main.o(.data)
    flags                                    0x20000008   Data           4  main.o(.data)
    keyb                                     0x2000000c   Data           2  main.o(.data)
    kcnt                                     0x2000000e   Data           2  main.o(.data)
    .data                                    0x20000010   Section        6  encoder.o(.data)
    cur_rpm                                  0x20000010   Data           2  encoder.o(.data)
    old_rpm                                  0x20000012   Data           2  encoder.o(.data)
    cur_accel                                0x20000014   Data           2  encoder.o(.data)
    .data                                    0x20000018   Section       20  system_stm32f10x.o(.data)
    .bss                                     0x2000002c   Section     1354  modbus-rtu.o(.bss)
    .bss                                     0x20000578   Section       96  libspace.o(.bss)
    HEAP                                     0x200005d8   Section      512  startup_stm32f10x_cl.o(HEAP)
    Heap_Mem                                 0x200005d8   Data         512  startup_stm32f10x_cl.o(HEAP)
    STACK                                    0x200007d8   Section     1024  startup_stm32f10x_cl.o(STACK)
    Stack_Mem                                0x200007d8   Data        1024  startup_stm32f10x_cl.o(STACK)
    __initial_sp                             0x20000bd8   Data           0  startup_stm32f10x_cl.o(STACK)

    Global Symbols

    Symbol Name                              Value     Ov Type        Size  Object(Section)

    BuildAttributes$$THM_ISAv4$P$D$K$B$S$PE$A:L22UL41UL21$X:L11$S22US41US21$IEEE1$IW$USESV6$~STKCKD$USESV7$~SHL$OSPACE$ROPI$EBA8$UX$STANDARDLIB$REQ8$PRES8$EABIv2 0x00000000   Number         0  anon$$obj.o ABSOLUTE
    __ARM_use_no_argv                        0x00000000   Number         0  main.o ABSOLUTE
    __ARM_exceptions_init                     - Undefined Weak Reference
    __alloca_initialize                       - Undefined Weak Reference
    __arm_preinit_                            - Undefined Weak Reference
    __cpp_initialize__aeabi_                  - Undefined Weak Reference
    __cxa_finalize                            - Undefined Weak Reference
    __rt_locale                               - Undefined Weak Reference
    __sigvec_lookup                           - Undefined Weak Reference
    _atexit_init                              - Undefined Weak Reference
    _call_atexit_fns                          - Undefined Weak Reference
    _clock_init                               - Undefined Weak Reference
    _fp_trap_init                             - Undefined Weak Reference
    _fp_trap_shutdown                         - Undefined Weak Reference
    _get_lc_collate                           - Undefined Weak Reference
    _get_lc_ctype                             - Undefined Weak Reference
    _get_lc_monetary                          - Undefined Weak Reference
    _get_lc_numeric                           - Undefined Weak Reference
    _get_lc_time                              - Undefined Weak Reference
    _getenv_init                              - Undefined Weak Reference
    _handle_redirection                       - Undefined Weak Reference
    _init_alloc                               - Undefined Weak Reference
    _init_user_alloc                          - Undefined Weak Reference
    _initio                                   - Undefined Weak Reference
    _rand_init                                - Undefined Weak Reference
    _signal_finish                            - Undefined Weak Reference
    _signal_init                              - Undefined Weak Reference
    _terminate_alloc                          - Undefined Weak Reference
    _terminate_user_alloc                     - Undefined Weak Reference
    _terminateio                              - Undefined Weak Reference
    __Vectors_Size                           0x00000150   Number         0  startup_stm32f10x_cl.o ABSOLUTE
    __Vectors                                0x08000000   Data           4  startup_stm32f10x_cl.o(RESET)
    __Vectors_End                            0x08000150   Data           0  startup_stm32f10x_cl.o(RESET)
    __main                                   0x08000151   Thumb Code     8  __main.o(!!!main)
    __scatterload                            0x08000159   Thumb Code     0  __scatter.o(!!!scatter)
    __scatterload_rt2                        0x08000159   Thumb Code    44  __scatter.o(!!!scatter)
    __scatterload_rt2_thumb_only             0x08000159   Thumb Code     0  __scatter.o(!!!scatter)
    __scatterload_null                       0x08000167   Thumb Code     0  __scatter.o(!!!scatter)
    __scatterload_copy                       0x0800018d   Thumb Code    26  __scatter_copy.o(!!handler_copy)
    __scatterload_zeroinit                   0x080001a9   Thumb Code    28  __scatter_zi.o(!!handler_zi)
    __rt_lib_init                            0x080001c5   Thumb Code     0  libinit.o(.ARM.Collect$$libinit$$00000000)
    __rt_lib_init_alloca_1                   0x080001c7   Thumb Code     0  libinit2.o(.ARM.Collect$$libinit$$0000002E)
    __rt_lib_init_argv_1                     0x080001c7   Thumb Code     0  libinit2.o(.ARM.Collect$$libinit$$0000002C)
    __rt_lib_init_atexit_1                   0x080001c7   Thumb Code     0  libinit2.o(.ARM.Collect$$libinit$$0000001B)
    __rt_lib_init_clock_1                    0x080001c7   Thumb Code     0  libinit2.o(.ARM.Collect$$libinit$$00000021)
    __rt_lib_init_cpp_1                      0x080001c7   Thumb Code     0  libinit2.o(.ARM.Collect$$libinit$$00000032)
    __rt_lib_init_exceptions_1               0x080001c7   Thumb Code     0  libinit2.o(.ARM.Collect$$libinit$$00000030)
    __rt_lib_init_fp_1                       0x080001c7   Thumb Code     0  libinit2.o(.ARM.Collect$$libinit$$00000002)
    __rt_lib_init_fp_trap_1                  0x080001c7   Thumb Code     0  libinit2.o(.ARM.Collect$$libinit$$0000001F)
    __rt_lib_init_getenv_1                   0x080001c7   Thumb Code     0  libinit2.o(.ARM.Collect$$libinit$$00000023)
    __rt_lib_init_heap_1                     0x080001c7   Thumb Code     0  libinit2.o(.ARM.Collect$$libinit$$0000000A)
    __rt_lib_init_lc_collate_1               0x080001c7   Thumb Code     0  libinit2.o(.ARM.Collect$$libinit$$00000011)
    __rt_lib_init_lc_ctype_1                 0x080001c7   Thumb Code     0  libinit2.o(.ARM.Collect$$libinit$$00000013)
    __rt_lib_init_lc_monetary_1              0x080001c7   Thumb Code     0  libinit2.o(.ARM.Collect$$libinit$$00000015)
    __rt_lib_init_lc_numeric_1               0x080001c7   Thumb Code     0  libinit2.o(.ARM.Collect$$libinit$$00000017)
    __rt_lib_init_lc_time_1                  0x080001c7   Thumb Code     0  libinit2.o(.ARM.Collect$$libinit$$00000019)
    __rt_lib_init_preinit_1                  0x080001c7   Thumb Code     0  libinit2.o(.ARM.Collect$$libinit$$00000004)
    __rt_lib_init_rand_1                     0x080001c7   Thumb Code     0  libinit2.o(.ARM.Collect$$libinit$$0000000E)
    __rt_lib_init_return                     0x080001c7   Thumb Code     0  libinit2.o(.ARM.Collect$$libinit$$00000033)
    __rt_lib_init_signal_1                   0x080001c7   Thumb Code     0  libinit2.o(.ARM.Collect$$libinit$$0000001D)
    __rt_lib_init_stdio_1                    0x080001c7   Thumb Code     0  libinit2.o(.ARM.Collect$$libinit$$00000025)
    __rt_lib_init_user_alloc_1               0x080001c7   Thumb Code     0  libinit2.o(.ARM.Collect$$libinit$$0000000C)
    __rt_lib_shutdown                        0x080001c9   Thumb Code     0  libshutdown.o(.ARM.Collect$$libshutdown$$00000000)
    __rt_lib_shutdown_cpp_1                  0x080001cb   Thumb Code     0  libshutdown2.o(.ARM.Collect$$libshutdown$$00000002)
    __rt_lib_shutdown_fp_trap_1              0x080001cb   Thumb Code     0  libshutdown2.o(.ARM.Collect$$libshutdown$$00000007)
    __rt_lib_shutdown_heap_1                 0x080001cb   Thumb Code     0  libshutdown2.o(.ARM.Collect$$libshutdown$$0000000F)
    __rt_lib_shutdown_return                 0x080001cb   Thumb Code     0  libshutdown2.o(.ARM.Collect$$libshutdown$$00000010)
    __rt_lib_shutdown_signal_1               0x080001cb   Thumb Code     0  libshutdown2.o(.ARM.Collect$$libshutdown$$0000000A)
    __rt_lib_shutdown_stdio_1                0x080001cb   Thumb Code     0  libshutdown2.o(.ARM.Collect$$libshutdown$$00000004)
    __rt_lib_shutdown_user_alloc_1           0x080001cb   Thumb Code     0  libshutdown2.o(.ARM.Collect$$libshutdown$$0000000C)
    __rt_entry                               0x080001cd   Thumb Code     0  __rtentry.o(.ARM.Collect$$rtentry$$00000000)
    __rt_entry_presh_1                       0x080001cd   Thumb Code     0  __rtentry2.o(.ARM.Collect$$rtentry$$00000002)
    __rt_entry_sh                            0x080001cd   Thumb Code     0  __rtentry4.o(.ARM.Collect$$rtentry$$00000004)
    __rt_entry_li                            0x080001d3   Thumb Code     0  __rtentry2.o(.ARM.Collect$$rtentry$$0000000A)
    __rt_entry_postsh_1                      0x080001d3   Thumb Code     0  __rtentry2.o(.ARM.Collect$$rtentry$$00000009)
    __rt_entry_main                          0x080001d7   Thumb Code     0  __rtentry2.o(.ARM.Collect$$rtentry$$0000000D)
    __rt_entry_postli_1                      0x080001d7   Thumb Code     0  __rtentry2.o(.ARM.Collect$$rtentry$$0000000C)
    __rt_exit                                0x080001df   Thumb Code     0  rtexit.o(.ARM.Collect$$rtexit$$00000000)
    __rt_exit_ls                             0x080001e1   Thumb Code     0  rtexit2.o(.ARM.Collect$$rtexit$$00000003)
    __rt_exit_prels_1                        0x080001e1   Thumb Code     0  rtexit2.o(.ARM.Collect$$rtexit$$00000002)
    __rt_exit_exit                           0x080001e5   Thumb Code     0  rtexit2.o(.ARM.Collect$$rtexit$$00000004)
    Reset_Handler                            0x080001ed   Thumb Code     8  startup_stm32f10x_cl.o(.text)
    NMI_Handler                              0x080001f5   Thumb Code     2  startup_stm32f10x_cl.o(.text)
    HardFault_Handler                        0x080001f7   Thumb Code     2  startup_stm32f10x_cl.o(.text)
    MemManage_Handler                        0x080001f9   Thumb Code     2  startup_stm32f10x_cl.o(.text)
    BusFault_Handler                         0x080001fb   Thumb Code     2  startup_stm32f10x_cl.o(.text)
    UsageFault_Handler                       0x080001fd   Thumb Code     2  startup_stm32f10x_cl.o(.text)
    SVC_Handler                              0x080001ff   Thumb Code     2  startup_stm32f10x_cl.o(.text)
    DebugMon_Handler                         0x08000201   Thumb Code     2  startup_stm32f10x_cl.o(.text)
    PendSV_Handler                           0x08000203   Thumb Code     2  startup_stm32f10x_cl.o(.text)
    ADC1_2_IRQHandler                        0x08000207   Thumb Code     0  startup_stm32f10x_cl.o(.text)
    CAN1_RX0_IRQHandler                      0x08000207   Thumb Code     0  startup_stm32f10x_cl.o(.text)
    CAN1_RX1_IRQHandler                      0x08000207   Thumb Code     0  startup_stm32f10x_cl.o(.text)
    CAN1_SCE_IRQHandler                      0x08000207   Thumb Code     0  startup_stm32f10x_cl.o(.text)
    CAN1_TX_IRQHandler                       0x08000207   Thumb Code     0  startup_stm32f10x_cl.o(.text)
    CAN2_RX0_IRQHandler                      0x08000207   Thumb Code     0  startup_stm32f10x_cl.o(.text)
    CAN2_RX1_IRQHandler                      0x08000207   Thumb Code     0  startup_stm32f10x_cl.o(.text)
    CAN2_SCE_IRQHandler                      0x08000207   Thumb Code     0  startup_stm32f10x_cl.o(.text)
    CAN2_TX_IRQHandler                       0x08000207   Thumb Code     0  startup_stm32f10x_cl.o(.text)
    DMA1_Channel1_IRQHandler                 0x08000207   Thumb Code     0  startup_stm32f10x_cl.o(.text)
    DMA1_Channel2_IRQHandler                 0x08000207   Thumb Code     0  startup_stm32f10x_cl.o(.text)
    DMA1_Channel3_IRQHandler                 0x08000207   Thumb Code     0  startup_stm32f10x_cl.o(.text)
    DMA1_Channel4_IRQHandler                 0x08000207   Thumb Code     0  startup_stm32f10x_cl.o(.text)
    DMA1_Channel5_IRQHandler                 0x08000207   Thumb Code     0  startup_stm32f10x_cl.o(.text)
    DMA1_Channel6_IRQHandler                 0x08000207   Thumb Code     0  startup_stm32f10x_cl.o(.text)
    DMA1_Channel7_IRQHandler                 0x08000207   Thumb Code     0  startup_stm32f10x_cl.o(.text)
    DMA2_Channel1_IRQHandler                 0x08000207   Thumb Code     0  startup_stm32f10x_cl.o(.text)
    DMA2_Channel2_IRQHandler                 0x08000207   Thumb Code     0  startup_stm32f10x_cl.o(.text)
    DMA2_Channel3_IRQHandler                 0x08000207   Thumb Code     0  startup_stm32f10x_cl.o(.text)
    DMA2_Channel4_IRQHandler                 0x08000207   Thumb Code     0  startup_stm32f10x_cl.o(.text)
    DMA2_Channel5_IRQHandler                 0x08000207   Thumb Code     0  startup_stm32f10x_cl.o(.text)
    ETH_IRQHandler                           0x08000207   Thumb Code     0  startup_stm32f10x_cl.o(.text)
    ETH_WKUP_IRQHandler                      0x08000207   Thumb Code     0  startup_stm32f10x_cl.o(.text)
    EXTI0_IRQHandler                         0x08000207   Thumb Code     0  startup_stm32f10x_cl.o(.text)
    EXTI15_10_IRQHandler                     0x08000207   Thumb Code     0  startup_stm32f10x_cl.o(.text)
    EXTI1_IRQHandler                         0x08000207   Thumb Code     0  startup_stm32f10x_cl.o(.text)
    EXTI2_IRQHandler                         0x08000207   Thumb Code     0  startup_stm32f10x_cl.o(.text)
    EXTI3_IRQHandler                         0x08000207   Thumb Code     0  startup_stm32f10x_cl.o(.text)
    EXTI4_IRQHandler                         0x08000207   Thumb Code     0  startup_stm32f10x_cl.o(.text)
    EXTI9_5_IRQHandler                       0x08000207   Thumb Code     0  startup_stm32f10x_cl.o(.text)
    FLASH_IRQHandler                         0x08000207   Thumb Code     0  startup_stm32f10x_cl.o(.text)
    I2C1_ER_IRQHandler                       0x08000207   Thumb Code     0  startup_stm32f10x_cl.o(.text)
    I2C1_EV_IRQHandler                       0x08000207   Thumb Code     0  startup_stm32f10x_cl.o(.text)
    I2C2_ER_IRQHandler                       0x08000207   Thumb Code     0  startup_stm32f10x_cl.o(.text)
    I2C2_EV_IRQHandler                       0x08000207   Thumb Code     0  startup_stm32f10x_cl.o(.text)
    OTG_FS_IRQHandler                        0x08000207   Thumb Code     0  startup_stm32f10x_cl.o(.text)
    OTG_FS_WKUP_IRQHandler                   0x08000207   Thumb Code     0  startup_stm32f10x_cl.o(.text)
    PVD_IRQHandler                           0x08000207   Thumb Code     0  startup_stm32f10x_cl.o(.text)
    RCC_IRQHandler                           0x08000207   Thumb Code     0  startup_stm32f10x_cl.o(.text)
    RTCAlarm_IRQHandler                      0x08000207   Thumb Code     0  startup_stm32f10x_cl.o(.text)
    RTC_IRQHandler                           0x08000207   Thumb Code     0  startup_stm32f10x_cl.o(.text)
    SPI1_IRQHandler                          0x08000207   Thumb Code     0  startup_stm32f10x_cl.o(.text)
    SPI2_IRQHandler                          0x08000207   Thumb Code     0  startup_stm32f10x_cl.o(.text)
    SPI3_IRQHandler                          0x08000207   Thumb Code     0  startup_stm32f10x_cl.o(.text)
    TAMPER_IRQHandler                        0x08000207   Thumb Code     0  startup_stm32f10x_cl.o(.text)
    TIM1_BRK_IRQHandler                      0x08000207   Thumb Code     0  startup_stm32f10x_cl.o(.text)
    TIM1_CC_IRQHandler                       0x08000207   Thumb Code     0  startup_stm32f10x_cl.o(.text)
    TIM1_TRG_COM_IRQHandler                  0x08000207   Thumb Code     0  startup_stm32f10x_cl.o(.text)
    TIM1_UP_IRQHandler                       0x08000207   Thumb Code     0  startup_stm32f10x_cl.o(.text)
    TIM2_IRQHandler                          0x08000207   Thumb Code     0  startup_stm32f10x_cl.o(.text)
    TIM3_IRQHandler                          0x08000207   Thumb Code     0  startup_stm32f10x_cl.o(.text)
    TIM4_IRQHandler                          0x08000207   Thumb Code     0  startup_stm32f10x_cl.o(.text)
    TIM5_IRQHandler                          0x08000207   Thumb Code     0  startup_stm32f10x_cl.o(.text)
    TIM6_IRQHandler                          0x08000207   Thumb Code     0  startup_stm32f10x_cl.o(.text)
    TIM7_IRQHandler                          0x08000207   Thumb Code     0  startup_stm32f10x_cl.o(.text)
    UART4_IRQHandler                         0x08000207   Thumb Code     0  startup_stm32f10x_cl.o(.text)
    UART5_IRQHandler                         0x08000207   Thumb Code     0  startup_stm32f10x_cl.o(.text)
    USART1_IRQHandler                        0x08000207   Thumb Code     0  startup_stm32f10x_cl.o(.text)
    USART2_IRQHandler                        0x08000207   Thumb Code     0  startup_stm32f10x_cl.o(.text)
    USART3_IRQHandler                        0x08000207   Thumb Code     0  startup_stm32f10x_cl.o(.text)
    WWDG_IRQHandler                          0x08000207   Thumb Code     0  startup_stm32f10x_cl.o(.text)
    __user_initial_stackheap                 0x08000209   Thumb Code     0  startup_stm32f10x_cl.o(.text)
    __use_two_region_memory                  0x0800022d   Thumb Code     2  heapauxi.o(.text)
    __rt_heap_escrow$2region                 0x0800022f   Thumb Code     2  heapauxi.o(.text)
    __rt_heap_expand$2region                 0x08000231   Thumb Code     2  heapauxi.o(.text)
    __user_setup_stackheap                   0x08000233   Thumb Code    74  sys_stackheap_outer.o(.text)
    exit                                     0x0800027d   Thumb Code    18  exit.o(.text)
    __user_libspace                          0x08000291   Thumb Code     8  libspace.o(.text)
    __user_perproc_libspace                  0x08000291   Thumb Code     0  libspace.o(.text)
    __user_perthread_libspace                0x08000291   Thumb Code     0  libspace.o(.text)
    _sys_exit                                0x08000299   Thumb Code     8  sys_exit.o(.text)
    __I$use$semihosting                      0x080002a5   Thumb Code     0  use_no_semi.o(.text)
    __use_no_semihosting_swi                 0x080002a5   Thumb Code     2  use_no_semi.o(.text)
    __semihosting_library_function           0x080002a7   Thumb Code     0  indicate_semi.o(.text)
    BufStore                                 0x080002a9   Thumb Code    38  main.o(i.BufStore)
    CheckAlarm                               0x080002d5   Thumb Code    64  main.o(i.CheckAlarm)
    Encoder_check                            0x08000325   Thumb Code    60  encoder.o(i.Encoder_check)
    Encoder_config                           0x0800036d   Thumb Code   120  encoder.o(i.Encoder_config)
    FlashErasePage                           0x080003f5   Thumb Code    52  flash.o(i.FlashErasePage)
    FlashIsReady                             0x0800042d   Thumb Code    14  flash.o(i.FlashIsReady)
    FlashLock                                0x08000441   Thumb Code    14  flash.o(i.FlashLock)
    FlashRead16                              0x08000455   Thumb Code     6  flash.o(i.FlashRead16)
    FlashReadBuf                             0x0800045d   Thumb Code    34  flash.o(i.FlashReadBuf)
    FlashUnlock                              0x08000485   Thumb Code    12  flash.o(i.FlashUnlock)
    FlashWrite16                             0x0800049d   Thumb Code    52  flash.o(i.FlashWrite16)
    FlashWriteBuf                            0x080004d5   Thumb Code    50  flash.o(i.FlashWriteBuf)
    GPIO_PinConfig                           0x0800050d   Thumb Code    68  gpio_lib.o(i.GPIO_PinConfig)
    GetCurrentAccel                          0x08000551   Thumb Code     8  encoder.o(i.GetCurrentAccel)
    GetCurrentRPM                            0x0800055d   Thumb Code     8  encoder.o(i.GetCurrentRPM)
    IO_Config                                0x08000569   Thumb Code   120  setup.o(i.IO_Config)
    LoadAllSettings                          0x080005f1   Thumb Code    72  main.o(i.LoadAllSettings)
    Modbus_Config                            0x0800063d   Thumb Code   172  modbus-rtu.o(i.Modbus_Config)
    Modbus_parse                             0x08000705   Thumb Code    86  modbus-rtu.o(i.Modbus_parse)
    ResetAlarm                               0x08000761   Thumb Code    20  main.o(i.ResetAlarm)
    SaveAllSettings                          0x0800077d   Thumb Code    12  main.o(i.SaveAllSettings)
    Set_link                                 0x080008ad   Thumb Code    12  main.o(i.Set_link)
    SysTick_Handler                          0x080008bd   Thumb Code   174  main.o(i.SysTick_Handler)
    SystemCoreClockUpdate                    0x08000991   Thumb Code   232  system_stm32f10x.o(i.SystemCoreClockUpdate)
    SystemInit                               0x08000a8d   Thumb Code    92  system_stm32f10x.o(i.SystemInit)
    abs_value                                0x08000af9   Thumb Code    14  main.o(i.abs_value)
    do_cmd01                                 0x08000b09   Thumb Code    96  modbus-rtu.o(i.do_cmd01)
    do_cmd02                                 0x08000b71   Thumb Code    94  modbus-rtu.o(i.do_cmd02)
    do_cmd03                                 0x08000bd9   Thumb Code   114  modbus-rtu.o(i.do_cmd03)
    do_cmd04                                 0x08000c55   Thumb Code   114  modbus-rtu.o(i.do_cmd04)
    do_cmd05                                 0x08000cd1   Thumb Code    92  modbus-rtu.o(i.do_cmd05)
    do_cmd06                                 0x08000d35   Thumb Code    46  modbus-rtu.o(i.do_cmd06)
    do_cmd16                                 0x08000d6d   Thumb Code   104  modbus-rtu.o(i.do_cmd16)
    do_crc16                                 0x08000ddd   Thumb Code    48  modbus-rtu.o(i.do_crc16)
    do_modbus                                0x08000e15   Thumb Code   306  modbus-rtu.o(i.do_modbus)
    main                                     0x08000f59   Thumb Code   310  main.o(i.main)
    crc_hi_table                             0x080010b0   Data         256  modbus-rtu.o(.constdata)
    crc_lo_table                             0x080011b0   Data         256  modbus-rtu.o(.constdata)
    Region$$Table$$Base                      0x080012b0   Number         0  anon$$obj.o(Region$$Table)
    Region$$Table$$Limit                     0x080012d0   Number         0  anon$$obj.o(Region$$Table)
    SystemCoreClock                          0x20000018   Data           4  system_stm32f10x.o(.data)
    AHBPrescTable                            0x2000001c   Data          16  system_stm32f10x.o(.data)
    mb                                       0x2000002c   Data         266  modbus-rtu.o(.bss)
    buf_in                                   0x20000136   Data          32  modbus-rtu.o(.bss)
    buf_out                                  0x20000156   Data          32  modbus-rtu.o(.bss)
    buf_3x                                   0x20000176   Data         512  modbus-rtu.o(.bss)
    buf_4x                                   0x20000376   Data         512  modbus-rtu.o(.bss)
    __libspace_start                         0x20000578   Data          96  libspace.o(.bss)
    __temporary_stack_top$libspace           0x200005d8   Data           0  libspace.o(.bss)



==============================================================================

Memory Map of the image

  Image Entry point : 0x08000151

  Load Region LR_IROM1 (Base: 0x08000000, Size: 0x000012fc, Max: 0x00020000, ABSOLUTE)

    Execution Region ER_IROM1 (Exec base: 0x08000000, Load base: 0x08000000, Size: 0x000012d0, Max: 0x00020000, ABSOLUTE)

    Exec Addr    Load Addr    Size         Type   Attr      Idx    E Section Name        Object

    0x08000000   0x08000000   0x00000150   Data   RO          391    RESET               startup_stm32f10x_cl.o
    0x08000150   0x08000150   0x00000008   Code   RO          446  * !!!main             c_w.l(__main.o)
    0x08000158   0x08000158   0x00000034   Code   RO          603    !!!scatter          c_w.l(__scatter.o)
    0x0800018c   0x0800018c   0x0000001a   Code   RO          605    !!handler_copy      c_w.l(__scatter_copy.o)
    0x080001a6   0x080001a6   0x00000002   PAD
    0x080001a8   0x080001a8   0x0000001c   Code   RO          607    !!handler_zi        c_w.l(__scatter_zi.o)
    0x080001c4   0x080001c4   0x00000002   Code   RO          473    .ARM.Collect$$libinit$$00000000  c_w.l(libinit.o)
    0x080001c6   0x080001c6   0x00000000   Code   RO          480    .ARM.Collect$$libinit$$00000002  c_w.l(libinit2.o)
    0x080001c6   0x080001c6   0x00000000   Code   RO          482    .ARM.Collect$$libinit$$00000004  c_w.l(libinit2.o)
    0x080001c6   0x080001c6   0x00000000   Code   RO          485    .ARM.Collect$$libinit$$0000000A  c_w.l(libinit2.o)
    0x080001c6   0x080001c6   0x00000000   Code   RO          487    .ARM.Collect$$libinit$$0000000C  c_w.l(libinit2.o)
    0x080001c6   0x080001c6   0x00000000   Code   RO          489    .ARM.Collect$$libinit$$0000000E  c_w.l(libinit2.o)
    0x080001c6   0x080001c6   0x00000000   Code   RO          492    .ARM.Collect$$libinit$$00000011  c_w.l(libinit2.o)
    0x080001c6   0x080001c6   0x00000000   Code   RO          494    .ARM.Collect$$libinit$$00000013  c_w.l(libinit2.o)
    0x080001c6   0x080001c6   0x00000000   Code   RO          496    .ARM.Collect$$libinit$$00000015  c_w.l(libinit2.o)
    0x080001c6   0x080001c6   0x00000000   Code   RO          498    .ARM.Collect$$libinit$$00000017  c_w.l(libinit2.o)
    0x080001c6   0x080001c6   0x00000000   Code   RO          500    .ARM.Collect$$libinit$$00000019  c_w.l(libinit2.o)
    0x080001c6   0x080001c6   0x00000000   Code   RO          502    .ARM.Collect$$libinit$$0000001B  c_w.l(libinit2.o)
    0x080001c6   0x080001c6   0x00000000   Code   RO          504    .ARM.Collect$$libinit$$0000001D  c_w.l(libinit2.o)
    0x080001c6   0x080001c6   0x00000000   Code   RO          506    .ARM.Collect$$libinit$$0000001F  c_w.l(libinit2.o)
    0x080001c6   0x080001c6   0x00000000   Code   RO          508    .ARM.Collect$$libinit$$00000021  c_w.l(libinit2.o)
    0x080001c6   0x080001c6   0x00000000   Code   RO          510    .ARM.Collect$$libinit$$00000023  c_w.l(libinit2.o)
    0x080001c6   0x080001c6   0x00000000   Code   RO          512    .ARM.Collect$$libinit$$00000025  c_w.l(libinit2.o)
    0x080001c6   0x080001c6   0x00000000   Code   RO          516    .ARM.Collect$$libinit$$0000002C  c_w.l(libinit2.o)
    0x080001c6   0x080001c6   0x00000000   Code   RO          518    .ARM.Collect$$libinit$$0000002E  c_w.l(libinit2.o)
    0x080001c6   0x080001c6   0x00000000   Code   RO          520    .ARM.Collect$$libinit$$00000030  c_w.l(libinit2.o)
    0x080001c6   0x080001c6   0x00000000   Code   RO          522    .ARM.Collect$$libinit$$00000032  c_w.l(libinit2.o)
    0x080001c6   0x080001c6   0x00000002   Code   RO          523    .ARM.Collect$$libinit$$00000033  c_w.l(libinit2.o)
    0x080001c8   0x080001c8   0x00000002   Code   RO          543    .ARM.Collect$$libshutdown$$00000000  c_w.l(libshutdown.o)
    0x080001ca   0x080001ca   0x00000000   Code   RO          556    .ARM.Collect$$libshutdown$$00000002  c_w.l(libshutdown2.o)
    0x080001ca   0x080001ca   0x00000000   Code   RO          558    .ARM.Collect$$libshutdown$$00000004  c_w.l(libshutdown2.o)
    0x080001ca   0x080001ca   0x00000000   Code   RO          561    .ARM.Collect$$libshutdown$$00000007  c_w.l(libshutdown2.o)
    0x080001ca   0x080001ca   0x00000000   Code   RO          564    .ARM.Collect$$libshutdown$$0000000A  c_w.l(libshutdown2.o)
    0x080001ca   0x080001ca   0x00000000   Code   RO          566    .ARM.Collect$$libshutdown$$0000000C  c_w.l(libshutdown2.o)
    0x080001ca   0x080001ca   0x00000000   Code   RO          569    .ARM.Collect$$libshutdown$$0000000F  c_w.l(libshutdown2.o)
    0x080001ca   0x080001ca   0x00000002   Code   RO          570    .ARM.Collect$$libshutdown$$00000010  c_w.l(libshutdown2.o)
    0x080001cc   0x080001cc   0x00000000   Code   RO          448    .ARM.Collect$$rtentry$$00000000  c_w.l(__rtentry.o)
    0x080001cc   0x080001cc   0x00000000   Code   RO          450    .ARM.Collect$$rtentry$$00000002  c_w.l(__rtentry2.o)
    0x080001cc   0x080001cc   0x00000006   Code   RO          462    .ARM.Collect$$rtentry$$00000004  c_w.l(__rtentry4.o)
    0x080001d2   0x080001d2   0x00000000   Code   RO          452    .ARM.Collect$$rtentry$$00000009  c_w.l(__rtentry2.o)
    0x080001d2   0x080001d2   0x00000004   Code   RO          453    .ARM.Collect$$rtentry$$0000000A  c_w.l(__rtentry2.o)
    0x080001d6   0x080001d6   0x00000000   Code   RO          455    .ARM.Collect$$rtentry$$0000000C  c_w.l(__rtentry2.o)
    0x080001d6   0x080001d6   0x00000008   Code   RO          456    .ARM.Collect$$rtentry$$0000000D  c_w.l(__rtentry2.o)
    0x080001de   0x080001de   0x00000002   Code   RO          477    .ARM.Collect$$rtexit$$00000000  c_w.l(rtexit.o)
    0x080001e0   0x080001e0   0x00000000   Code   RO          525    .ARM.Collect$$rtexit$$00000002  c_w.l(rtexit2.o)
    0x080001e0   0x080001e0   0x00000004   Code   RO          526    .ARM.Collect$$rtexit$$00000003  c_w.l(rtexit2.o)
    0x080001e4   0x080001e4   0x00000006   Code   RO          527    .ARM.Collect$$rtexit$$00000004  c_w.l(rtexit2.o)
    0x080001ea   0x080001ea   0x00000002   PAD
    0x080001ec   0x080001ec   0x00000040   Code   RO          392    .text               startup_stm32f10x_cl.o
    0x0800022c   0x0800022c   0x00000006   Code   RO          444    .text               c_w.l(heapauxi.o)
    0x08000232   0x08000232   0x0000004a   Code   RO          464    .text               c_w.l(sys_stackheap_outer.o)
    0x0800027c   0x0800027c   0x00000012   Code   RO          466    .text               c_w.l(exit.o)
    0x0800028e   0x0800028e   0x00000002   PAD
    0x08000290   0x08000290   0x00000008   Code   RO          474    .text               c_w.l(libspace.o)
    0x08000298   0x08000298   0x0000000c   Code   RO          535    .text               c_w.l(sys_exit.o)
    0x080002a4   0x080002a4   0x00000002   Code   RO          546    .text               c_w.l(use_no_semi.o)
    0x080002a6   0x080002a6   0x00000000   Code   RO          548    .text               c_w.l(indicate_semi.o)
    0x080002a6   0x080002a6   0x00000002   PAD
    0x080002a8   0x080002a8   0x0000002c   Code   RO            4    i.BufStore          main.o
    0x080002d4   0x080002d4   0x00000050   Code   RO            5    i.CheckAlarm        main.o
    0x08000324   0x08000324   0x00000048   Code   RO          270    i.Encoder_check     encoder.o
    0x0800036c   0x0800036c   0x00000088   Code   RO          271    i.Encoder_config    encoder.o
    0x080003f4   0x080003f4   0x00000038   Code   RO          320    i.FlashErasePage    flash.o
    0x0800042c   0x0800042c   0x00000014   Code   RO          321    i.FlashIsReady      flash.o
    0x08000440   0x08000440   0x00000014   Code   RO          322    i.FlashLock         flash.o
    0x08000454   0x08000454   0x00000006   Code   RO          323    i.FlashRead16       flash.o
    0x0800045a   0x0800045a   0x00000002   PAD
    0x0800045c   0x0800045c   0x00000028   Code   RO          325    i.FlashReadBuf      flash.o
    0x08000484   0x08000484   0x00000018   Code   RO          326    i.FlashUnlock       flash.o
    0x0800049c   0x0800049c   0x00000038   Code   RO          327    i.FlashWrite16      flash.o
    0x080004d4   0x080004d4   0x00000038   Code   RO          328    i.FlashWriteBuf     flash.o
    0x0800050c   0x0800050c   0x00000044   Code   RO          145    i.GPIO_PinConfig    gpio_lib.o
    0x08000550   0x08000550   0x0000000c   Code   RO          272    i.GetCurrentAccel   encoder.o
    0x0800055c   0x0800055c   0x0000000c   Code   RO          273    i.GetCurrentRPM     encoder.o
    0x08000568   0x08000568   0x00000088   Code   RO          117    i.IO_Config         setup.o
    0x080005f0   0x080005f0   0x0000004c   Code   RO            6    i.LoadAllSettings   main.o
    0x0800063c   0x0800063c   0x000000c8   Code   RO          169    i.Modbus_Config     modbus-rtu.o
    0x08000704   0x08000704   0x0000005c   Code   RO          170    i.Modbus_parse      modbus-rtu.o
    0x08000760   0x08000760   0x0000001c   Code   RO            7    i.ResetAlarm        main.o
    0x0800077c   0x0800077c   0x00000010   Code   RO            8    i.SaveAllSettings   main.o
    0x0800078c   0x0800078c   0x00000008   Code   RO          399    i.SetSysClock       system_stm32f10x.o
    0x08000794   0x08000794   0x00000118   Code   RO          400    i.SetSysClockTo72   system_stm32f10x.o
    0x080008ac   0x080008ac   0x00000010   Code   RO            9    i.Set_link          main.o
    0x080008bc   0x080008bc   0x000000d4   Code   RO           10    i.SysTick_Handler   main.o
    0x08000990   0x08000990   0x000000fc   Code   RO          401    i.SystemCoreClockUpdate  system_stm32f10x.o
    0x08000a8c   0x08000a8c   0x0000006c   Code   RO          402    i.SystemInit        system_stm32f10x.o
    0x08000af8   0x08000af8   0x0000000e   Code   RO           11    i.abs_value         main.o
    0x08000b06   0x08000b06   0x00000002   PAD
    0x08000b08   0x08000b08   0x00000068   Code   RO          171    i.do_cmd01          modbus-rtu.o
    0x08000b70   0x08000b70   0x00000068   Code   RO          172    i.do_cmd02          modbus-rtu.o
    0x08000bd8   0x08000bd8   0x0000007c   Code   RO          173    i.do_cmd03          modbus-rtu.o
    0x08000c54   0x08000c54   0x0000007c   Code   RO          174    i.do_cmd04          modbus-rtu.o
    0x08000cd0   0x08000cd0   0x00000064   Code   RO          175    i.do_cmd05          modbus-rtu.o
    0x08000d34   0x08000d34   0x00000038   Code   RO          176    i.do_cmd06          modbus-rtu.o
    0x08000d6c   0x08000d6c   0x00000070   Code   RO          177    i.do_cmd16          modbus-rtu.o
    0x08000ddc   0x08000ddc   0x00000038   Code   RO          178    i.do_crc16          modbus-rtu.o
    0x08000e14   0x08000e14   0x00000144   Code   RO          179    i.do_modbus         modbus-rtu.o
    0x08000f58   0x08000f58   0x00000158   Code   RO           12    i.main              main.o
    0x080010b0   0x080010b0   0x00000200   Data   RO          183    .constdata          modbus-rtu.o
    0x080012b0   0x080012b0   0x00000020   Data   RO          601    Region$$Table       anon$$obj.o


    Execution Region RW_IRAM1 (Exec base: 0x20000000, Load base: 0x080012d0, Size: 0x00000bd8, Max: 0x00010000, ABSOLUTE)

    Exec Addr    Load Addr    Size         Type   Attr      Idx    E Section Name        Object

    0x20000000   0x080012d0   0x00000010   Data   RW           13    .data               main.o
    0x20000010   0x080012e0   0x00000006   Data   RW          275    .data               encoder.o
    0x20000016   0x080012e6   0x00000002   PAD
    0x20000018   0x080012e8   0x00000014   Data   RW          403    .data               system_stm32f10x.o
    0x2000002c        -       0x0000054a   Zero   RW          182    .bss                modbus-rtu.o
    0x20000576   0x080012fc   0x00000002   PAD
    0x20000578        -       0x00000060   Zero   RW          475    .bss                c_w.l(libspace.o)
    0x200005d8        -       0x00000200   Zero   RW          390    HEAP                startup_stm32f10x_cl.o
    0x200007d8        -       0x00000400   Zero   RW          389    STACK               startup_stm32f10x_cl.o


==============================================================================

Image component sizes


      Code (inc. data)   RO Data    RW Data    ZI Data      Debug   Object Name

       232         36          0          6          0       1995   encoder.o
       278         44          0          0          0       4182   flash.o
        68          0          0          0          0        861   gpio_lib.o
       830        114          0         16          0     253452   main.o
      1396        130        512          0       1354       7455   modbus-rtu.o
       136         16          0          0          0        432   setup.o
        64         26        336          0       1536        804   startup_stm32f10x_cl.o
       648         52          0         20          0       2993   system_stm32f10x.o

    ----------------------------------------------------------------------
      3656        418        880         44       2892     272174   Object Totals
         0          0         32          0          0          0   (incl. Generated)
         4          0          0          2          2          0   (incl. Padding)

    ----------------------------------------------------------------------

      Code (inc. data)   RO Data    RW Data    ZI Data      Debug   Library Member Name

         8          0          0          0          0         68   __main.o
         0          0          0          0          0          0   __rtentry.o
        12          0          0          0          0          0   __rtentry2.o
         6          0          0          0          0          0   __rtentry4.o
        52          8          0          0          0          0   __scatter.o
        26          0          0          0          0          0   __scatter_copy.o
        28          0          0          0          0          0   __scatter_zi.o
        18          0          0          0          0         80   exit.o
         6          0          0          0          0        152   heapauxi.o
         0          0          0          0          0          0   indicate_semi.o
         2          0          0          0          0          0   libinit.o
         2          0          0          0          0          0   libinit2.o
         2          0          0          0          0          0   libshutdown.o
         2          0          0          0          0          0   libshutdown2.o
         8          4          0          0         96         68   libspace.o
         2          0          0          0          0          0   rtexit.o
        10          0          0          0          0          0   rtexit2.o
        12          4          0          0          0         68   sys_exit.o
        74          0          0          0          0         80   sys_stackheap_outer.o
         2          0          0          0          0         68   use_no_semi.o

    ----------------------------------------------------------------------
       280         16          0          0         96        584   Library Totals
         8          0          0          0          0          0   (incl. Padding)

    ----------------------------------------------------------------------

      Code (inc. data)   RO Data    RW Data    ZI Data      Debug   Library Name

       272         16          0          0         96        584   c_w.l

    ----------------------------------------------------------------------
       280         16          0          0         96        584   Library Totals

    ----------------------------------------------------------------------

==============================================================================


      Code (inc. data)   RO Data    RW Data    ZI Data      Debug   

      3936        434        880         44       2988     270830   Grand Totals
      3936        434        880         44       2988     270830   ELF Image Totals
      3936        434        880         44          0          0   ROM Totals

==============================================================================

    Total RO  Size (Code + RO Data)                 4816 (   4.70kB)
    Total RW  Size (RW Data + ZI Data)              3032 (   2.96kB)
    Total ROM Size (Code + RO Data + RW Data)       4860 (   4.75kB)

==============================================================================

